// Jest Snapshot v1, https://goo.gl/fbAQLP

exports[`happy 1`] = `
Array [
  "#3caea3",
  "#fbc99d",
  "#fff6da",
  "#5edfff",
  "#b2fcff",
  "#ecfcff",
  "#ff5858",
  "#ebfffb",
  "#ec8f6a",
  "#f2e3c9",
  "#7ecfc0",
  "#ff935c",
  "#f9e090",
  "#8bbabb",
  "#c7f0db",
  "#99b19c",
  "#d7d1c9",
  "#faf5ef",
  "#f67e7d",
  "#ffb997",
  "#f7be16",
  "#293462",
  "#e9e5dd",
  "#696464",
  "#ffeecf",
  "#f5c181",
  "#00a79d",
  "#007065",
  "#ff8a5c",
  "#ffdd67",
  "#a4d7e1",
  "#daf1f9",
  "#f0dab1",
  "#f6edcf",
  "#c6f1d6",
  "#e0f5b9",
  "#ffba92",
  "#ff8080",
  "#f1d6ab",
  "#f9f6f2",
  "#8559a5",
  "#00bdaa",
  "#a1dd70",
  "#eaeaea",
  "#f9d276",
  "#dadada",
  "#fff7f7",
  "#08ffc8",
  "#8ac6d1",
  "#bbded6",
  "#fae3d9",
  "#ffb6b9",
  "#cba1d2",
  "#fdeaab",
  "#fffcc1",
  "#ffb961",
  "#f3826f",
  "#2d3561",
  "#ff9c91",
  "#f4f6f6",
  "#fcb1b1",
  "#f0f696",
  "#96f7d2",
  "#f5b5fc",
  "#f96d15",
  "#50b6bb",
  "#f8f8f8",
  "#fabc74",
  "#b689b0",
  "#d5a4cf",
  "#f9bcdd",
  "#fff1ac",
  "#fdc8b7",
  "#fff0f0",
  "#ffcece",
  "#f38eff",
  "#63aabc",
  "#f9f3ec",
  "#fbd1b7",
  "#fee9b2",
  "#f9fce1",
  "#d3f6f3",
  "#fff1c1",
  "#f76262",
  "#27aa80",
  "#32ff6a",
  "#a8ff3e",
  "#f4ff61",
  "#fddede",
  "#f5fec0",
  "#caf2d7",
  "#60a9a6",
  "#ea7dc7",
  "#f090d9",
  "#f2a2e4",
  "#f7e8e8",
  "#2d248a",
  "#614ad3",
  "#daa592",
  "#f0e3c4",
  "#f1f0d1",
  "#aeeff0",
  "#ffaf65",
  "#fa8282",
  "#f36886",
  "#afa939",
  "#f7b71d",
  "#fdef96",
  "#63707e",
  "#93b5b3",
  "#c8dad3",
  "#f2f6f5",
  "#39bdc8",
  "#59d4e8",
  "#caa5f1",
  "#fac0e1",
  "#95adbe",
  "#dff0ea",
  "#fcf594",
  "#ff7a8a",
  "#28c3d4",
  "#aee7e8",
  "#fafdcb",
  "#ff6768",
  "#263859",
  "#ac8daf",
  "#ddb6c6",
  "#f1d4d4",
  "#23eae6",
  "#f6ef98",
  "#e86ed0",
  "#edb5f5",
  "#b1e8ed",
  "#e6f8f9",
  "#313131",
  "#e2c275",
  "#eadca6",
  "#f4f4f4",
  "#ffbd39",
  "#5e6073",
  "#89a3b2",
  "#b2d3be",
  "#f2f4d1",
  "#e2bebe",
  "#fcfdd8",
  "#f5f687",
  "#6b48ff",
  "#1ee3cf",
  "#f2f4f6",
  "#ffedff",
  "#ffd5be",
  "#ff9776",
  "#ffcbcb",
  "#c1f6e7",
  "#22b9ca",
  "#fff78f",
  "#ffa1c5",
  "#ffc6be",
  "#10eaf0",
  "#f1f4df",
  "#b8e9c0",
  "#e6f0b6",
  "#f2f3f3",
  "#f3a953",
  "#fe5f55",
  "#a64942",
  "#ffc46b",
  "#ff82c3",
  "#ffeafe",
  "#ccc1ff",
  "#9ea9f0",
  "#7ad9f5",
  "#bdf2d5",
  "#f6f6f6",
  "#d9d872",
  "#58b368",
  "#12d3cf",
  "#67eaca",
  "#b0f4e6",
  "#fcf9ec",
  "#c72c41",
  "#5bd1d7",
  "#fff8a6",
  "#ffd19a",
  "#ffc5a1",
  "#b0deff",
  "#665c84",
  "#71a0a5",
  "#fab95b",
  "#4be3ac",
  "#94fc13",
  "#f7ff56",
  "#ffa323",
  "#ff6337",
  "#dedede",
  "#eeeeee",
  "#313848",
  "#8adfdc",
  "#ff9e74",
  "#b31e6f",
  "#22eaca",
  "#f5fbf1",
  "#f6a7ba",
  "#feb9c8",
  "#d2f3e0",
  "#fff591",
  "#ff8246",
  "#6fc2d0",
  "#beeef7",
  "#b206b0",
  "#f6f5f5",
  "#e3c4a8",
  "#33313b",
  "#d8eff0",
  "#b0e0a8",
  "#f0f69f",
  "#f3c1c6",
  "#ee7777",
  "#bfcd7e",
  "#dfddc7",
  "#f58b54",
  "#a34a28",
  "#ffebd3",
  "#40a798",
  "#226b80",
  "#ffeaa5",
  "#ff7bb0",
  "#fff3a3",
  "#fff3b1",
  "#fdcb6e",
  "#7b88ff",
  "#ffe837",
  "#103c42",
  "#681313",
  "#e6d385",
  "#b7fbff",
  "#82acff",
  "#f79c1d",
  "#f6e79c",
  "#7fa99b",
  "#fdbfb3",
  "#107595",
  "#ffbea3",
  "#eda1ab",
  "#d698b9",
  "#ab93c9",
  "#f3ff93",
  "#c6cf65",
  "#76a21e",
  "#72d6c9",
  "#ffc785",
  "#df7599",
  "#49beb7",
  "#32dbc6",
  "#ebefd0",
  "#ffdee6",
  "#323232",
  "#d61d4e",
  "#f1f1f1",
  "#f5e1da",
  "#00334e",
  "#e8e8e8",
  "#f38181",
  "#fad284",
  "#a9eec2",
  "#fdd043",
  "#ff8364",
  "#ffb677",
  "#ffd98e",
  "#616f39",
  "#f0eec8",
  "#00b7a8",
  "#fd5f00",
  "#76b39d",
  "#f9f8eb",
  "#e4c666",
  "#a9c6de",
  "#eaf5ff",
  "#ff8260",
  "#f09c67",
  "#f7e0a3",
  "#fffde8",
  "#5ca0d3",
  "#c8e6f5",
  "#f2eee0",
  "#15cda8",
  "#f1e4e4",
  "#ff5959",
  "#facf5a",
  "#f18c8e",
  "#f0b7a4",
  "#f1d1b5",
  "#dbcc8f",
  "#f6e0b3",
  "#fff5eb",
  "#75cac3",
  "#d7f7f5",
  "#8b5d5d",
  "#c19191",
  "#f0e9e9",
  "#9fd3c7",
  "#ececec",
  "#be97dc",
  "#eec1ea",
  "#fffbbe",
  "#00d1cd",
  "#db66e4",
  "#f77fee",
  "#aceacf",
  "#c5fad9",
  "#aeddcd",
  "#fffeec",
  "#ffc3e7",
  "#21aa93",
  "#ffffb5",
  "#7bc67b",
  "#34314f",
  "#ffc15e",
  "#ffd6c2",
  "#ff8b6a",
  "#fffdaf",
  "#00faac",
  "#302387",
  "#dee0d9",
  "#ffe5ae",
  "#ff62a5",
  "#f5c7f7",
  "#00bd56",
  "#85ef47",
  "#f9fd50",
  "#dae1e7",
  "#183661",
  "#f17e7e",
  "#efca8c",
  "#dfe38e",
  "#7fe7cc",
  "#a2a8d3",
  "#e7eaf6",
  "#fabc60",
  "#3bb4c1",
  "#e9e4e6",
  "#c40b13",
  "#f69314",
  "#dadddf",
  "#bf9fee",
  "#f2c0ff",
  "#ffd7e8",
  "#bd245f",
  "#f3dcad",
  "#f8b739",
  "#fff8cd",
  "#ffa0d2",
  "#ff78ae",
  "#226597",
  "#87c0cd",
  "#f3f9fb",
  "#ffce76",
  "#560764",
  "#bb8fa9",
  "#d8cbbb",
  "#c7004c",
  "#ffaaaa",
  "#cdffeb",
  "#e3e7f1",
  "#c6cbef",
  "#8bffff",
  "#ff5d9e",
  "#fdc57b",
  "#007880",
  "#d5daeb",
  "#fcd307",
  "#b8b2a6",
  "#f4dada",
  "#fdfdf6",
  "#dbe9b7",
  "#ffa1ac",
  "#ffe0a3",
  "#fff6be",
  "#cef9e2",
  "#cbbcf6",
  "#ffd700",
  "#aaaaaa",
  "#b824a4",
  "#f36a7b",
  "#faf562",
  "#f6e5e5",
  "#e6b2c6",
  "#352961",
  "#d2c8c8",
  "#f8f1f1",
  "#f8eeb4",
  "#a7d129",
  "#a6e3e9",
  "#cbf1f5",
  "#defcfc",
  "#ffe6eb",
  "#f7b633",
  "#c5ecbe",
  "#fdffdc",
  "#f781bc",
  "#f857b5",
  "#ffb228",
  "#77628c",
  "#acc6aa",
  "#f7ffbd",
  "#b5e0ba",
  "#905858",
  "#572121",
  "#b4e9e2",
  "#f67280",
  "#6c5b7b",
  "#e8ecd6",
  "#fdfff0",
  "#f3ae4b",
  "#00a8b5",
  "#ffe26f",
  "#e4734f",
  "#f0ece2",
  "#acdbdf",
  "#ff9d76",
  "#fffde1",
  "#51eaea",
  "#a4f6a5",
  "#f1eb9a",
  "#f8a978",
  "#f68787",
  "#cf3030",
  "#e88a1a",
  "#d9d9d9",
  "#dee1ec",
  "#eac100",
  "#10316b",
  "#ffa400",
  "#8ed6ff",
  "#ffe3b0",
  "#ffc1c8",
  "#4f9da6",
  "#233142",
  "#e8d3ff",
  "#c6cfff",
  "#deecff",
  "#f3f8ff",
  "#ffa900",
  "#127681",
  "#fac70b",
  "#1a3263",
  "#f16821",
  "#e8e2db",
  "#dfdfdf",
  "#ffbe00",
  "#5dc0a6",
  "#f6b8d1",
  "#ffd3de",
  "#ffd581",
  "#bf81ff",
  "#6927ff",
  "#f77754",
  "#1cb3c8",
  "#dfe2e2",
  "#c5f8c8",
  "#faf096",
  "#fccb8f",
  "#f9989f",
  "#65c6c4",
  "#34699a",
  "#ff7657",
  "#ffba5a",
  "#fcf9ed",
  "#30e3ca",
  "#f5f5f5",
  "#e9eec9",
  "#bbbbbb",
  "#283148",
  "#ffa45c",
  "#ffcdab",
  "#fff4e3",
  "#f2efb6",
  "#a0edf7",
  "#0ea5c6",
  "#1eafed",
  "#eef2f5",
  "#ff8b00",
  "#ffc60b",
  "#feffdb",
  "#fdb44b",
  "#ffc300",
  "#ff5733",
  "#c70039",
  "#74b49b",
  "#a7d7c5",
  "#f4f9f4",
  "#e6f5ff",
  "#efdfbf",
  "#ffc0d0",
  "#ffe0e0",
  "#fffafa",
  "#41aaa8",
  "#a2eae2",
  "#fffa67",
  "#ffcd60",
  "#ff8162",
  "#caabd8",
  "#ffcccc",
  "#bc2525",
  "#c5c5c5",
  "#fed9ca",
  "#ffefe0",
  "#0d0cb5",
  "#becbff",
  "#c82121",
  "#ff8484",
  "#b1bed5",
  "#bfd8d5",
  "#f4f3f3",
  "#ffe98a",
  "#f2f2f2",
  "#b9e6d3",
  "#7ed3b2",
  "#ef6c57",
  "#ebf0c2",
  "#9bbfab",
  "#4e2161",
  "#fffe9a",
  "#f3a333",
  "#d195f9",
  "#cde8f6",
  "#34a7b2",
  "#f5e4c3",
  "#f59aa3",
  "#cb3737",
  "#ee6f57",
  "#e3e3e3",
  "#fafafa",
  "#ded473",
  "#f7fdb1",
  "#c8e8ed",
  "#d1d1d1",
  "#ca2374",
  "#fe9191",
  "#f3cf7a",
  "#ac3f21",
  "#fcf2db",
  "#ffc5e6",
  "#dcaee8",
  "#6effbf",
  "#8fbbaf",
  "#acdeaa",
  "#d6f8b8",
  "#f89d13",
  "#e6dedd",
  "#3161a3",
  "#13abc4",
  "#7efaff",
  "#f2f1e7",
  "#915b4a",
  "#fffcab",
  "#9aebed",
  "#fa86be",
  "#8acbbb",
  "#dbff3d",
  "#c9f658",
  "#e37070",
  "#d7eaea",
  "#9692af",
  "#96dae4",
  "#cdeeaa",
  "#ffedc6",
  "#f185b3",
  "#ffecd3",
  "#ffb0fe",
  "#ff6bd6",
  "#1b335f",
  "#c6e377",
  "#fbfad3",
  "#facd49",
  "#f18fac",
  "#f85e9f",
  "#5d50c6",
  "#fefcdb",
  "#fff0bc",
  "#f7931e",
  "#f3ecd3",
  "#51e3d4",
  "#efe784",
  "#6cbbb3",
  "#ffb4ac",
  "#fbd5af",
  "#db996c",
  "#aedadd",
  "#fcf8f3",
  "#a44444",
  "#f06f32",
  "#b5edba",
  "#f79f24",
  "#ffeed0",
  "#f3d516",
  "#ceddef",
  "#e0bb20",
  "#f7e9e3",
  "#ffc0c2",
  "#23a393",
  "#20716a",
  "#f7aa00",
  "#c7f2e3",
  "#87e5da",
  "#f8d0b0",
  "#78b0a0",
  "#984a59",
  "#ff8f56",
  "#f8b500",
  "#f2f4fb",
  "#c19898",
  "#ebebe3",
  "#ffa952",
  "#ffe79a",
  "#feffdf",
  "#98ccd3",
  "#ebf0f6",
  "#a6cb12",
  "#fdf1db",
  "#d8d860",
  "#94d2e6",
  "#f16f6f",
  "#c1224f",
  "#5f685a",
  "#ea9c1b",
  "#f3f6c8",
  "#84a1be",
  "#ece493",
  "#e29c68",
  "#f3f0d1",
  "#f7f7f2",
  "#c5d86d",
  "#5ea3a3",
  "#add2c9",
  "#faf9f9",
  "#a93199",
  "#43c0ac",
  "#eaec96",
  "#ecf2f9",
  "#c8d9eb",
  "#f0d9da",
  "#f9ecec",
  "#21e6c1",
  "#974949",
  "#8bd5cb",
  "#edfffa",
  "#feffe0",
  "#c8e4fe",
  "#a5aeff",
  "#fbeed7",
  "#e0e0ec",
  "#decdc3",
  "#fb7777",
  "#f5ffc3",
  "#7dd8c7",
  "#ffc4d0",
  "#f7ddde",
  "#fbe8e7",
  "#fcf5ee",
  "#f7de1c",
  "#2c3848",
  "#706381",
  "#45b7b8",
  "#503bff",
  "#8293ff",
  "#e4e4e4",
  "#ffffd2",
  "#fdf0f6",
  "#f57665",
  "#8b4c8c",
  "#45b7b7",
  "#d1f6c1",
  "#35d0ba",
  "#fefed5",
  "#ffcd3c",
  "#ff9234",
  "#adccc7",
  "#cbc9ff",
  "#aba9e9",
  "#9795cf",
  "#64638f",
  "#fbf9fa",
  "#b6f7c1",
  "#7e97a6",
  "#63686e",
  "#373640",
  "#cce490",
  "#f2f4b2",
  "#9d8f8f",
  "#bcbab8",
  "#f9f9f9",
  "#ffff9d",
  "#ffb480",
  "#f18a9b",
  "#cca2e1",
  "#ffc2e9",
  "#fff0f8",
  "#e8eaa1",
  "#80ac7b",
  "#373331",
  "#fde3d9",
  "#f9ad8d",
  "#f47645",
  "#7acfdf",
  "#c3b4d2",
  "#87a8d0",
  "#b9ceeb",
  "#deecfc",
  "#ffe867",
  "#f2f7ff",
  "#b73535",
  "#eeddd2",
  "#9ed9c5",
  "#fff4e0",
  "#73d2f3",
  "#26baee",
  "#9fe8fa",
  "#929aab",
  "#f7f7f7",
  "#fbf9af",
  "#dfbaf7",
  "#ffe6cc",
  "#ecffc1",
  "#b8ffd0",
  "#00adb5",
  "#ece8d9",
  "#edf9fc",
  "#d1f4fa",
  "#53cde2",
  "#41a7b3",
  "#1fe5bd",
  "#ff9280",
  "#c2fcf6",
  "#5ff4ee",
  "#4a9ff5",
  "#bca3ca",
  "#ccf0c3",
  "#fff8a1",
  "#faf7e6",
  "#73dbc4",
  "#ebbb91",
  "#f08181",
  "#a6aa9c",
  "#f7d3ba",
  "#e6e7e5",
  "#f5efe3",
  "#8e98f5",
  "#b1cbfa",
  "#dfe2fe",
  "#1e2a78",
  "#f9ff21",
  "#ffd615",
  "#ffcdcd",
  "#12e2a3",
  "#ddf516",
  "#cacaca",
  "#fcfaf1",
  "#e6b31e",
  "#343434",
  "#e6e6fa",
  "#add8e6",
  "#6a5acd",
  "#dbd7cb",
  "#f2f3ee",
  "#b1d1c5",
  "#cb9b42",
  "#521168",
  "#ff8000",
  "#77529e",
  "#a5bdfd",
  "#d9f2ff",
  "#dcb5ff",
  "#f9c4aa",
  "#fee4a6",
  "#d2e1c8",
  "#f7f4e3",
  "#a287f4",
  "#12e6c8",
  "#f2f2b0",
  "#eec2c2",
  "#d7acd4",
  "#bae5d5",
  "#fadbac",
  "#e88c5d",
  "#933f99",
  "#6a0000",
  "#be3737",
  "#c4f0c5",
  "#f1fff1",
  "#d291bc",
  "#fec8d8",
  "#ffdfd3",
  "#fb9a40",
  "#fbd341",
  "#f1ffab",
  "#a3f3eb",
  "#85cfcb",
  "#fffdf6",
  "#faf6e9",
  "#1abb9c",
  "#5f1854",
  "#fff78c",
  "#f4a9c7",
  "#6bd5e1",
  "#f87d42",
  "#c3f1ff",
  "#596e79",
  "#c7b198",
  "#dfd3c3",
  "#aedefc",
  "#fff6f6",
  "#ffdfdf",
  "#fb929e",
  "#ff9668",
  "#f5e965",
  "#efedbb",
  "#dbf1f2",
  "#d3d5fd",
  "#99ddcc",
  "#ff5da2",
  "#f1c550",
  "#fff9e0",
  "#a1c45a",
  "#ffe2ff",
  "#efb1ff",
  "#481380",
  "#fbb901",
  "#ccffec",
  "#ffdede",
  "#ffe8cf",
  "#fdfdc4",
  "#57a99a",
  "#76dbd1",
  "#ecf4f3",
  "#8cbeaa",
  "#f09027",
  "#f0f2eb",
  "#f6c523",
  "#f6f3a7",
  "#9cd3d3",
  "#b6e1e0",
  "#efecec",
  "#363434",
  "#ea9085",
  "#e9e2d0",
  "#c5e5e3",
  "#f0f1b3",
  "#bae2be",
  "#a3a7e4",
  "#ffad5a",
  "#cc99f9",
  "#dec8ed",
  "#f5fac7",
  "#89f8ce",
  "#68bde1",
  "#f0f0e4",
  "#ffcab0",
  "#ffebbb",
  "#fdffcd",
  "#e0ffcd",
  "#5c636e",
  "#ff9090",
  "#ffd96a",
  "#eae7e7",
  "#ff9900",
  "#fff0db",
  "#bcdbdf",
  "#40a8c4",
  "#eec60a",
  "#f07810",
  "#c50d66",
  "#f5f4e8",
  "#935900",
  "#fef9d9",
  "#2470a0",
  "#a696c8",
  "#fad3cf",
  "#ea8a8a",
  "#ebd5d5",
  "#6ef7c8",
  "#5cc1b3",
  "#ff6473",
  "#fc6b3f",
  "#84f2d6",
  "#e58cdb",
  "#f4adad",
  "#92a4c0",
  "#53c7f0",
  "#87e0ff",
  "#ffffe3",
  "#f6f6e9",
  "#13334c",
  "#59057b",
  "#f7ca44",
  "#d5eeff",
  "#98ded3",
  "#eccfd1",
  "#efa35c",
  "#fafccb",
  "#4ab8b8",
  "#1b3764",
  "#d7fbf6",
  "#48e0e4",
  "#fcd77f",
  "#ffff8f",
  "#ec9e69",
  "#e4d1d3",
  "#f3e595",
  "#eb7878",
  "#d0efb5",
  "#6dc9c8",
  "#0e3150",
  "#ffcdb5",
  "#ffe5ab",
  "#53d397",
  "#f7f9ff",
  "#ff7a5c",
  "#0c317a",
  "#ff6767",
  "#ff9393",
  "#ff5c00",
  "#edf0c7",
  "#ffa96a",
  "#ffd3ad",
  "#c93d1b",
  "#f8c43a",
  "#e7b3b3",
  "#feb062",
  "#2aa9d2",
  "#efff9d",
  "#ededed",
  "#f1d18a",
  "#e6e6d4",
  "#7a5d7e",
  "#63aebb",
  "#fbd685",
  "#feff89",
  "#ff9f68",
  "#7da87b",
  "#f5f5c6",
  "#fbafaf",
  "#f2c6b4",
  "#f3e8cb",
  "#99e1e5",
  "#cdd5e0",
  "#89a4c7",
  "#4e709d",
  "#f5b17b",
  "#e6a4b4",
  "#f3d7ca",
  "#f5eee6",
  "#eae3e3",
  "#dd7777",
  "#f3eded",
  "#f5c16c",
  "#df8931",
  "#aa530e",
  "#eec89f",
  "#bb3939",
  "#edb88b",
  "#17bebb",
  "#eef5db",
  "#c7efcf",
  "#d7f8f7",
  "#bee4d2",
  "#fab2ac",
  "#eda1c1",
  "#b8dff0",
  "#79b8d1",
  "#aef4a4",
  "#fffdb7",
  "#dd7c1b",
  "#e7e6fc",
  "#eaa81b",
  "#ffb400",
  "#f0f3f3",
  "#ceecf0",
  "#ff7777",
  "#f9fa9b",
  "#f87829",
  "#fa8f4d",
  "#436e4f",
  "#f9bf8f",
  "#fee9d7",
  "#c9ffc7",
  "#6ddabe",
  "#4bbb8b",
  "#fdadc7",
  "#f2f2f0",
  "#a6ed8e",
  "#d38cad",
  "#ffd2a5",
  "#ffffc1",
  "#eef0f2",
  "#ffaf87",
  "#d9faff",
  "#cffdf8",
  "#65c0ba",
  "#f6f4f4",
  "#ff7517",
  "#fff1bc",
  "#6a9c78",
  "#c4e3cb",
  "#f9f8ed",
  "#ffd2bb",
  "#fff7c2",
  "#ffa258",
  "#003545",
  "#f9f7f7",
  "#60efb8",
  "#cefc86",
  "#90aeff",
  "#faf7ff",
  "#ffd933",
  "#203541",
  "#616161",
  "#8aae92",
  "#f0f0f0",
  "#f9e75e",
  "#ff5f5f",
  "#33354a",
  "#20c1bd",
  "#74dac6",
  "#fbffa8",
  "#cfee91",
  "#fff9af",
  "#92e6e6",
  "#ffe2e2",
  "#bad7df",
  "#dbedf3",
  "#283149",
  "#ce2525",
  "#ff6600",
  "#93deff",
  "#606470",
  "#323643",
  "#fbead1",
  "#f5d9d9",
  "#fceaea",
  "#5ba19b",
  "#f3ecc8",
  "#be3030",
  "#ff7100",
  "#645c84",
  "#eaafaf",
  "#42291c",
  "#b8e4c9",
  "#e9fadd",
  "#ffaaa5",
  "#ffd3b6",
  "#fdffab",
  "#a8e6cf",
  "#755da3",
  "#ba78cd",
  "#ffa35f",
  "#e7759a",
  "#c4ffdd",
  "#113a5d",
  "#919190",
  "#c4eada",
  "#fcf3ca",
  "#ef7b7b",
  "#97cba9",
  "#dde0ab",
  "#571179",
  "#08c299",
  "#97de95",
  "#fce8aa",
  "#083358",
  "#272e4f",
  "#2c365d",
  "#ff5e3a",
  "#4fb783",
  "#feeb97",
  "#f8b195",
  "#fcdc74",
  "#91ceff",
  "#0060ca",
  "#fcd2c2",
  "#ffbbbb",
  "#0b3846",
  "#74dbef",
  "#eff0f4",
  "#41a4c3",
  "#58d5d3",
  "#f8d5f0",
  "#446e5c",
  "#7dc383",
  "#ffe37f",
  "#00a6e7",
  "#2f4bff",
  "#4ecca3",
  "#f97272",
  "#fadc6d",
  "#f6ec66",
  "#35b0ab",
  "#c5f0a4",
  "#faffb8",
  "#6c5b7c",
  "#f8b595",
  "#ffe981",
  "#65daf7",
  "#75c2f6",
  "#1a3c40",
  "#307672",
  "#e4eddb",
  "#ffe8d5",
  "#fdb87d",
  "#3d6cb9",
  "#00d1ff",
  "#00fff0",
  "#fafaf6",
  "#b7e1b5",
  "#de774e",
  "#e7eff3",
  "#8ea6b4",
  "#21aba5",
  "#45eba5",
  "#fef2bf",
  "#429ffd",
  "#0960bd",
  "#c40018",
  "#ff6107",
  "#ff570c",
  "#ff5d5d",
  "#fbe4c9",
  "#84b9ef",
  "#fef4a9",
  "#4bc2c5",
  "#78fee0",
  "#33cccc",
  "#ecf0f1",
  "#bdcf88",
  "#d9f489",
  "#edfead",
  "#79bd8f",
  "#beeb9f",
  "#ff6138",
  "#fbf2d5",
  "#ffe121",
  "#64a36f",
  "#cef0b9",
  "#fbfae1",
  "#681a1e",
  "#b32c50",
  "#f56a47",
  "#f7b32d",
  "#f8f9fc",
  "#1d2786",
  "#ffa06f",
  "#ffd6a0",
  "#acbd86",
  "#38c6bd",
  "#2fe1d6",
  "#97ffcf",
  "#fffb97",
  "#12776f",
  "#f9c7cf",
  "#e7f5f2",
  "#fcfa70",
  "#6a99cb",
  "#fde8cb",
  "#ff9797",
  "#b72a67",
  "#f4e5c2",
  "#6db193",
  "#f3f3f3",
  "#ffdd7e",
  "#23b1a5",
  "#ede862",
  "#fa9856",
  "#f27370",
  "#46cdcf",
  "#abedd8",
  "#137083",
  "#b7b7b7",
  "#fae3e3",
  "#f0fff3",
  "#c6f1e7",
  "#11cbd7",
  "#c51350",
  "#e8751a",
  "#fda403",
  "#fbac91",
  "#fbe1b6",
  "#7fdfd4",
  "#a7efe9",
  "#4c6f7b",
  "#fce4b0",
  "#eaa3fc",
  "#f8b3eb",
  "#faa9e0",
  "#b8b0b0",
  "#dfd3d3",
  "#fbf0f0",
  "#e2ded3",
  "#ff6d24",
  "#7e6752",
  "#61b292",
  "#aed09e",
  "#f4eec0",
  "#f2f4c3",
  "#ffdcf5",
  "#fdc7ff",
  "#c7f3ff",
  "#35c2bd",
  "#f6efb4",
  "#00bbf0",
  "#f6c7c7",
  "#fd94b4",
  "#6ba083",
  "#bcffa8",
  "#f6ffcd",
  "#83ffe6",
  "#fcfcfc",
  "#2e383f",
  "#f9a828",
  "#ececeb",
  "#fff5a5",
  "#ffaa64",
  "#ff8264",
  "#ff6464",
  "#f0b917",
  "#ff7f5b",
  "#d2ebcd",
  "#fffcef",
  "#6b0848",
  "#e8ffc1",
  "#a5ecd7",
  "#51adcf",
  "#ffebb7",
  "#70d4b4",
  "#efefef",
  "#ec7700",
  "#f2855e",
  "#d7eef2",
  "#f1efb9",
  "#04dead",
  "#fef4e8",
  "#f9ce00",
  "#fdfdeb",
  "#e7e7de",
  "#0f3057",
  "#f8f1e5",
  "#e4d183",
  "#ea8f79",
  "#a0c1b8",
  "#f4e8c1",
  "#61c0bf",
  "#d6c481",
  "#4aa6b5",
  "#81cbc8",
  "#ecfafb",
  "#f7b236",
  "#ff5722",
  "#65eeb7",
  "#aaffc7",
  "#5fcc9c",
  "#fa9e05",
  "#ffdd00",
  "#4a772f",
  "#00c9b1",
  "#ffa3ac",
  "#ffdd5c",
  "#76a665",
  "#227066",
  "#ffe5e1",
  "#17139c",
  "#f5e9ff",
  "#fcffbf",
  "#fff195",
  "#fec100",
  "#ebebeb",
  "#f6e1b8",
  "#84577c",
  "#333644",
  "#ecab69",
  "#e1eb71",
  "#fdfdfd",
  "#f2d1a8",
  "#ffefb4",
  "#ffcd19",
  "#dbbf0d",
  "#f2f4f7",
  "#c1c1c1",
  "#ea7659",
  "#ffc97c",
  "#fcf9f4",
  "#ff63b5",
  "#af3264",
  "#7bcecc",
  "#fef8e6",
  "#c1c0b9",
  "#f7f6e7",
  "#e7e6e1",
  "#faf4d0",
  "#4ef037",
  "#00b7c2",
  "#ecfeff",
  "#fda831",
  "#f4d143",
  "#d0ef84",
  "#cf1b1b",
  "#fffbcc",
  "#f0d879",
  "#e6e6e6",
  "#bab5f6",
  "#cfcbf1",
  "#e1ffcf",
  "#e8fcf6",
  "#fff07a",
  "#a2ef44",
  "#bff4ed",
  "#f6c667",
  "#1ca2bb",
  "#58dada",
  "#ffdd93",
  "#fba746",
  "#fef778",
  "#ed8d8d",
  "#8d6262",
  "#393232",
  "#f5c8bd",
  "#f5ffcb",
  "#a9eca2",
  "#73b1c1",
  "#fffdbb",
  "#24bddf",
  "#403321",
  "#48ba95",
  "#f0ca6d",
  "#f7f2c1",
  "#ff6c00",
  "#282d4f",
  "#ffc7c7",
  "#f5841a",
  "#f2e8c6",
  "#f8f1d0",
  "#ffe578",
  "#48c0d3",
  "#f0e19e",
  "#3e333f",
  "#153b44",
  "#2d6e7e",
  "#c6de41",
  "#faf9f0",
  "#1dced8",
  "#a7ff83",
  "#17b978",
  "#ff894c",
  "#363636",
  "#7cbd1e",
  "#bceb3c",
  "#f1f864",
  "#fcf9f9",
  "#ff8ba0",
  "#ff7f50",
  "#bde4f4",
  "#e0fcff",
  "#f2bbbb",
  "#ed93cb",
  "#ca82f8",
  "#a1d9ff",
  "#fafcdb",
  "#9febeb",
  "#492645",
  "#78bbe6",
  "#ff895d",
  "#ffd8d8",
  "#e99b9b",
  "#1fffff",
  "#f7f39a",
  "#a3de83",
  "#c4c1e0",
  "#ffe9e3",
  "#fffee6",
  "#fed6be",
  "#b9e1dc",
  "#fbfbfb",
  "#efe891",
  "#3f52e3",
  "#78b7bb",
  "#add1fc",
  "#b7f5de",
  "#dffcb5",
  "#e9d2b3",
  "#9bb4da",
  "#87dfd6",
  "#ffd6a4",
  "#fde9df",
  "#fffdfb",
  "#e1addc",
  "#fff5db",
  "#e9ffb2",
  "#00b8c0",
  "#f96d00",
  "#eda045",
  "#d1f386",
  "#2c2e3e",
  "#34374c",
  "#90a4ae",
  "#ff5c5c",
  "#ffc77f",
  "#ffe5b9",
  "#ffbdd4",
  "#3dc7be",
  "#113c4a",
  "#dddddd",
  "#fcac0c",
  "#ffcd00",
  "#ff8356",
  "#fc6e5e",
  "#e3f3f7",
  "#b0dedb",
  "#ee712b",
  "#f1e9e3",
  "#fbf7f7",
  "#3f6699",
  "#78c2c3",
  "#f1b963",
  "#f8f398",
  "#cbf078",
  "#ef7e56",
  "#ded5c4",
  "#c6cd78",
  "#f1f08a",
  "#ec9454",
  "#4756ca",
  "#0fc9e7",
  "#fcffc8",
  "#d5fffb",
  "#7cdfff",
  "#1e6b7f",
  "#fafcd6",
  "#f1f2f3",
  "#fcea90",
  "#56a7a7",
  "#a0dbdb",
  "#f9fbfc",
  "#fce38a",
  "#02c39a",
  "#003459",
  "#ecebff",
  "#d5f7ff",
  "#97ecc5",
  "#00dbe7",
  "#01aac1",
  "#ffd05b",
  "#b04d5d",
  "#f86254",
  "#fc5185",
  "#43dde6",
  "#fccf4d",
  "#fefea4",
  "#ffdc76",
  "#4a2c2c",
  "#c2c57f",
  "#fcc88a",
  "#5ac8d8",
  "#f1f4f6",
  "#8bcfcc",
  "#aee8e6",
  "#f5fac8",
  "#fff1c5",
  "#c38b8b",
  "#f76b8a",
  "#fcfefe",
  "#eaf6f6",
  "#66bfbf",
  "#01ecd5",
  "#ffde25",
  "#e8f1f5",
  "#c82586",
  "#4eeaf6",
  "#f7f7f8",
  "#ffc93c",
  "#ff9a3c",
  "#ff6f3c",
  "#af05aa",
  "#f5eeee",
  "#a5bfdd",
  "#f9f6d8",
  "#f59292",
  "#ece8e5",
  "#838ed9",
  "#ffce00",
  "#cf0a2c",
  "#ecefd8",
  "#eed690",
  "#a6d0e4",
  "#f9ffea",
  "#ffecda",
  "#d4a5a5",
  "#f4e557",
  "#f5a855",
  "#e3eff3",
  "#cde3eb",
  "#143a52",
  "#fcf4d9",
  "#50e3c2",
  "#ff7a5a",
  "#432160",
  "#faf8d7",
  "#cabbe9",
  "#ffcef3",
  "#a1eafb",
  "#81ae64",
  "#c7e78b",
  "#fff4c9",
  "#1dcd9f",
  "#ffe037",
  "#8fecc8",
  "#ff8b8b",
  "#163172",
  "#d6e4f0",
  "#ffebeb",
  "#ff8585",
  "#ff5757",
  "#27b1be",
  "#facc2e",
  "#8594e4",
  "#d5def5",
  "#cd3131",
  "#1fad9f",
  "#e3f6f5",
  "#f78f1e",
  "#8253d7",
  "#daeaf6",
  "#6fa3a9",
  "#ffdaa9",
  "#ffdf5a",
  "#c582d5",
  "#91519d",
  "#d988bc",
  "#ffa8b8",
  "#fffa9d",
  "#41c5d3",
  "#09a8fa",
  "#581845",
  "#f2feca",
  "#bcfcc9",
  "#98d083",
  "#596c68",
  "#95a792",
  "#e3d9ca",
  "#ebe59b",
  "#abcdcb",
  "#e78775",
  "#935656",
  "#ffd7f1",
  "#d87ca1",
  "#f6e9e9",
  "#363333",
  "#ff5d6e",
  "#2eb872",
  "#feffea",
  "#f5feff",
  "#e8b844",
  "#f5d97e",
  "#fef2f2",
  "#e7e9de",
  "#dadbc0",
  "#626060",
  "#a393eb",
  "#5e63b6",
  "#27296d",
  "#86b86b",
  "#ffbc2c",
  "#f5b553",
  "#878ecd",
  "#b9bbdf",
  "#dde7f2",
  "#dff4f3",
  "#f46060",
  "#f09872",
  "#f3d179",
  "#dce8ba",
  "#f677c1",
  "#f1e290",
  "#ddeedf",
  "#8bc34a",
  "#f2f9f1",
  "#c2dbc1",
  "#f6f6e3",
  "#e8d5b7",
  "#f9b248",
  "#2ca4bf",
  "#a5e9db",
  "#f8ed86",
  "#ebcbae",
  "#a6e4e7",
  "#3c3352",
  "#a7d46f",
  "#ffed8f",
  "#64d7d6",
  "#c4aff0",
  "#e6f7f7",
  "#ffc97b",
  "#ffe495",
  "#bdbdd7",
  "#b7abfb",
  "#85fede",
  "#6fe8c8",
  "#feff9a",
  "#f6d5d5",
  "#b08fbb",
  "#ffaf00",
  "#cb0101",
  "#ffe3b7",
  "#28cc9e",
  "#e3f8ff",
  "#ffdd83",
  "#c5e3f6",
  "#fc5c9c",
  "#fccde2",
  "#fcefee",
  "#f2ae72",
  "#f2e394",
  "#f1bbd5",
  "#586b8f",
  "#addce4",
  "#ffed78",
  "#8fbaf3",
  "#bdf1f6",
  "#f2fcfc",
  "#f7f09b",
  "#e2eff1",
  "#ffb174",
  "#22eaaa",
  "#12cc94",
  "#9ef4e6",
  "#f1f6f5",
  "#f3f2b4",
  "#ffffd3",
  "#f4806d",
  "#c02727",
  "#9a9b94",
  "#d4d6c8",
  "#e9e9e5",
  "#5068a9",
  "#86a6df",
  "#f7c873",
  "#a64452",
  "#faf7f2",
  "#2bb3c0",
  "#ef6c35",
  "#ffb6ff",
  "#db97ff",
  "#a100ff",
  "#9ffbfb",
  "#fff5f5",
  "#b2d430",
  "#58e481",
  "#fbe6a2",
  "#ffffdf",
  "#3a718c",
  "#5ea3a6",
  "#f0bebe",
  "#fa67ab",
  "#f7e6b5",
  "#fff200",
  "#d6e6f2",
  "#7fb414",
  "#a0e418",
  "#e5f9bd",
  "#f9c4ac",
  "#e1e099",
  "#521477",
  "#fefaec",
  "#a9eee6",
  "#203562",
  "#c0c5cd",
  "#e3e8f8",
  "#f0f3b0",
  "#f98e90",
  "#eae1e1",
  "#dbf094",
  "#6ce6dd",
  "#6acafc",
  "#8e9fe6",
  "#fff1a8",
  "#2a363b",
  "#ff847c",
  "#feceab",
  "#fffbe0",
  "#b1ad25",
  "#dad773",
  "#f0eeb1",
  "#fdfce0",
  "#f6e1b5",
  "#e2bf81",
  "#ffded5",
  "#acbdc5",
  "#52686a",
  "#e4dcad",
  "#5a5d9d",
  "#6bc5d2",
  "#e1f5f2",
  "#ffd6d6",
  "#fca7a7",
  "#fc624d",
  "#e9dcbe",
  "#446878",
  "#eeca98",
  "#de7d48",
  "#cc085e",
  "#6892d5",
  "#79d1c3",
  "#c9fdd7",
  "#f8fcfb",
  "#fdbe34",
  "#fbfadf",
  "#f5f883",
  "#a7d82e",
  "#f97300",
  "#f8f5e4",
  "#ff6d02",
  "#dbdbeb",
  "#f6ec72",
  "#09a599",
  "#f1f6f8",
  "#b9d4f1",
  "#fd6378",
  "#f9b8be",
  "#50666b",
  "#ff8c94",
  "#ffaaa6",
  "#ffd3b5",
  "#dcedc2",
  "#d0f0f7",
  "#71647c",
  "#f1e58a",
  "#f361af",
  "#fdaed8",
  "#fdf6fa",
  "#3f3038",
  "#e7eed2",
  "#7ecba1",
  "#e9f6f5",
  "#d3e0e2",
  "#85c8dd",
  "#f1684e",
  "#49d292",
  "#e8f79a",
  "#631357",
  "#efe94b",
  "#f06292",
  "#f48fb1",
  "#00aaa0",
  "#8ed2c9",
  "#eafff7",
  "#afffdf",
  "#e0e7f1",
  "#aebd77",
  "#f8f6f6",
  "#f5d061",
  "#fcc29a",
  "#3498db",
  "#77abb7",
  "#476d7c",
  "#ffa33e",
  "#e0ff59",
  "#b1d056",
  "#eaef9b",
  "#24babc",
  "#c62727",
  "#f98903",
  "#f4e1e1",
  "#f7ffcd",
  "#badf96",
  "#edddbd",
  "#ef9037",
  "#7eb19f",
  "#f6c90e",
  "#303841",
  "#c50000",
  "#fffdef",
  "#8aacff",
  "#ea9215",
  "#fecea8",
  "#a5f2e7",
  "#fffcea",
  "#0d3446",
  "#176d81",
  "#71adb5",
  "#d8dfe2",
  "#ecbc55",
  "#54a4af",
  "#432c51",
  "#5e616a",
  "#e8aa8c",
  "#e2dcd5",
  "#f9f3e6",
  "#ff8d68",
  "#ffecba",
  "#d8d95c",
  "#5fbdc5",
  "#2866ab",
  "#073059",
  "#f7f3ce",
  "#1ee494",
  "#fc8a15",
  "#d0f9b1",
  "#96d38c",
  "#febfb3",
  "#be3144",
  "#d3d6db",
  "#dfeff0",
  "#c2faf1",
  "#b793e6",
  "#eae7ed",
  "#9ed0e0",
  "#ff6a38",
  "#fa5b75",
  "#ffd464",
  "#fffb85",
  "#d9bf77",
  "#d8ebb5",
  "#7a57d1",
  "#4fc1e9",
  "#5be7c4",
  "#f5f7fa",
  "#adaca7",
  "#003355",
  "#cca8e9",
  "#c3bef0",
  "#cadefc",
  "#defcf9",
  "#eacf79",
  "#90b2e4",
  "#fecd51",
  "#fff6a2",
  "#9feed1",
  "#fdffe7",
  "#99f0ca",
  "#f1fea4",
  "#375fc0",
  "#ff771b",
  "#7d8df6",
  "#d2d4d6",
  "#f5cd6d",
  "#f7e590",
  "#dafdff",
  "#b9f9ff",
  "#ff7575",
  "#f08e6b",
  "#ffb270",
  "#f6fea1",
  "#027b7e",
  "#d6e1a5",
  "#dafaf8",
  "#f49393",
  "#fef3cc",
  "#2db6a3",
  "#22c7a9",
  "#fde3f0",
  "#f6a9ce",
  "#e1d5d2",
  "#e79a58",
  "#a55540",
  "#301781",
  "#76e2f4",
  "#f4f4ec",
  "#dcedc1",
  "#f3f6f6",
  "#ecf3f6",
  "#eab64d",
  "#127c56",
  "#44d9e6",
  "#3dc4d0",
  "#2a2b5f",
  "#ffedb2",
  "#ffbf87",
  "#ff9867",
  "#83b271",
  "#abcb89",
  "#d2ea9b",
  "#e7f0d2",
  "#bdc6b8",
  "#ebf5ee",
  "#bce0da",
  "#f677f7",
  "#efa7f3",
  "#facbf8",
  "#f8fdc3",
  "#44679f",
  "#c0d9e5",
  "#ddf5f7",
  "#fbd490",
  "#00ad7c",
  "#eceff4",
  "#f9f2d7",
  "#f2dea8",
  "#fc5bb6",
  "#ffbee3",
  "#fff6fb",
  "#ff8426",
  "#785e4d",
  "#baaf92",
  "#f2eee3",
  "#e9eab4",
  "#d6d88b",
  "#b7b56e",
  "#ffefef",
  "#a0b6f5",
  "#faf15d",
  "#0aa0f6",
  "#0962ea",
  "#7a9eb1",
  "#ffe1b6",
  "#680747",
  "#c3195d",
  "#fdf6f6",
  "#a5e9e1",
  "#f56262",
  "#fca180",
  "#ffd480",
  "#fffe9f",
  "#5c715e",
  "#b6cdbd",
  "#f3f798",
  "#eab4f8",
  "#fcc8f8",
  "#c7f5fe",
  "#4ba2ac",
  "#50c9ba",
  "#9ee6cf",
  "#f0eec9",
  "#ff6699",
  "#ff9de2",
  "#8c82fc",
  "#b693fe",
  "#7effdb",
  "#f6e8e8",
  "#213458",
  "#ffe869",
  "#fffbcb",
  "#57d1c9",
  "#46b7b9",
  "#dff5f2",
  "#ffcd38",
  "#61105e",
  "#edb1f1",
  "#d59bf6",
  "#9896f1",
  "#8ef6e4",
  "#e8e46d",
  "#e4c478",
  "#dd8968",
  "#a44a4a",
  "#fea096",
  "#d3f6d1",
  "#a58bff",
  "#fff46e",
  "#ff6f6f",
  "#f6e4b5",
  "#ffe775",
  "#fc993c",
  "#8c54a1",
  "#aea1ea",
  "#b2ebf9",
  "#fafbd4",
  "#796465",
  "#cb8589",
  "#e8d2ae",
  "#dde8b9",
  "#f5ebeb",
  "#3ab1c8",
  "#649dad",
  "#66c6ba",
  "#a4e5d9",
  "#c8f4de",
  "#fef2a0",
  "#f3cd97",
  "#e98b50",
  "#f4e7d3",
  "#fbd0f5",
  "#f7f680",
  "#94f6f2",
  "#d7aef3",
  "#f66e00",
  "#ebe9f6",
  "#196b69",
  "#ddfee4",
  "#ffe4b3",
  "#9dd3cc",
  "#fa8383",
  "#8ea1f0",
  "#82c7eb",
  "#a5f0e4",
  "#ddddbb",
  "#4b2c34",
  "#c31207",
  "#efede7",
  "#7dce94",
  "#146c78",
  "#9c1de7",
  "#faee1c",
  "#f9a1bc",
  "#ede9a3",
  "#d7c37a",
  "#55a44e",
  "#f5edf7",
  "#bb99cd",
  "#7692e4",
  "#a9e6e6",
  "#f2f062",
  "#e67676",
  "#11bfae",
  "#46c3db",
  "#f3f169",
  "#fcb2bf",
  "#263849",
  "#35bcbf",
  "#90f6d7",
  "#2d767f",
  "#b4f1f1",
  "#ecfffb",
  "#94ac3c",
  "#fcc314",
  "#e79e85",
  "#eaceb4",
  "#f2e9d0",
  "#fcc97b",
  "#fafb97",
  "#0dceda",
  "#6ef3d6",
  "#c6fce5",
  "#ebfffa",
  "#fb9935",
  "#f6fcae",
  "#d89fff",
  "#c7f5ff",
  "#ffabe5",
  "#d1fffa",
  "#4aa9af",
  "#aeaf7a",
  "#f5e180",
  "#f7af1d",
  "#fff2be",
  "#a0eecc",
  "#36d1c4",
  "#b6fff9",
  "#273952",
  "#4c6983",
  "#f6ca97",
  "#fb9696",
  "#be0eaa",
  "#7098da",
  "#6eb6ff",
  "#90f2ff",
  "#f0ae2c",
  "#f9d00f",
  "#f3ffb9",
  "#1aa59a",
  "#ff9898",
  "#fbf27c",
  "#586e72",
  "#fff8d2",
  "#fffbf3",
  "#ffd7e9",
  "#eb89b5",
  "#5da0a2",
  "#aacfd0",
  "#f4f7f7",
  "#ffe3b9",
  "#f68686",
  "#92cce1",
  "#eea1eb",
  "#5853bc",
  "#f6eb9a",
  "#7d5e3f",
  "#86c1d4",
  "#9cd9de",
  "#d9f9f4",
  "#f7be7f",
  "#d1ebfe",
  "#4ed99c",
  "#2aaf74",
  "#c0ffc2",
  "#fdffba",
  "#ffeab6",
  "#f69d9d",
  "#d2ecf9",
  "#b4bb72",
  "#e7eaa8",
  "#f6faf7",
  "#ffbbe1",
  "#fc7fb6",
  "#ffbd74",
  "#d78bff",
  "#76d3ff",
  "#ffce63",
  "#d7fbe8",
  "#9df3c4",
  "#62d2a2",
  "#1fab89",
  "#ffce3e",
  "#fee856",
  "#ff7e67",
  "#a2d5f2",
  "#07689f",
  "#fe9797",
  "#d2e48e",
  "#3ec483",
  "#266f89",
  "#f19584",
  "#fea386",
  "#f6e4c4",
  "#29c6cd",
  "#4a266a",
  "#de95ba",
  "#ffd9e8",
  "#14ffec",
  "#0d7377",
  "#9efcb4",
  "#f5fc9e",
  "#fddd8a",
  "#fd9191",
  "#a7b99e",
  "#cedcc3",
  "#eff7d3",
  "#ffb563",
  "#d0f1cf",
  "#f9de79",
  "#f8fae4",
  "#d0dd97",
  "#bdc3c7",
  "#6356e5",
  "#55b3f3",
  "#90eee1",
  "#8ea5eb",
  "#f5efe8",
  "#fff59d",
  "#dce775",
  "#415f9d",
  "#58b3d3",
  "#72e8e1",
  "#f4f56e",
  "#7ec0e4",
  "#ffc85b",
  "#e38ed2",
  "#9ff9c1",
  "#00f3e4",
  "#00bebe",
  "#006c9a",
  "#f8fceb",
  "#f6f7d3",
  "#7bc7fa",
  "#76e3ff",
  "#fbff64",
  "#ff8fe5",
  "#e9d498",
  "#31bccc",
  "#e6e993",
  "#26c6d0",
  "#604fdd",
  "#fbd400",
  "#f7fed8",
  "#a3dec9",
  "#99b0c2",
  "#d6e3ed",
  "#cb007b",
  "#70acb1",
  "#ffee82",
  "#fdda16",
  "#ff9000",
  "#3fd1cb",
  "#f59d2a",
  "#ee7738",
  "#f4991a",
  "#f2ead3",
  "#f9f5f0",
  "#e7e8f5",
  "#70a3c4",
  "#1f6cb0",
  "#ffea85",
  "#90d26d",
  "#defbc2",
  "#6decb9",
  "#e6af2e",
  "#282f44",
  "#7fffd6",
  "#3ad3cd",
  "#0a3442",
  "#a9d2ff",
  "#d2f6fc",
  "#815a8f",
  "#d97d97",
  "#f1ed63",
  "#5c2626",
  "#b74242",
  "#ea7362",
  "#ffd6b6",
  "#3fc1c9",
  "#e3ce8b",
  "#f9f5ce",
  "#ffa0c2",
  "#9ed763",
  "#fff2b2",
  "#fcd78e",
  "#f9f296",
  "#41eecb",
  "#20decb",
  "#fd5959",
  "#f0b775",
  "#fffdc1",
  "#61b390",
  "#bad8b6",
  "#e1eacd",
  "#ff7844",
  "#1e757b",
  "#b1f1b2",
  "#f2ffdf",
  "#ac4c5e",
  "#ffbc65",
  "#f1f2eb",
  "#b9e3c6",
  "#1c7293",
  "#fdfdcb",
  "#f4aeba",
  "#ec729c",
  "#edf2f6",
  "#ff5656",
  "#ffaf9b",
  "#f7f0e9",
  "#f2f299",
  "#c8e29d",
  "#ebf7fd",
  "#a5def1",
  "#22b2da",
  "#f0d43a",
  "#1fa8cf",
  "#fcd59b",
  "#e0e7e9",
  "#a3c6c4",
  "#c72767",
  "#fabc41",
  "#faf4e1",
  "#cdcdcd",
  "#f08edb",
  "#fdf196",
  "#3e6b89",
  "#3dd2cc",
  "#cbf9da",
  "#70a1d7",
  "#a1de93",
  "#f7f48b",
  "#f47c7c",
  "#a9c52f",
  "#283739",
  "#fbede1",
  "#fbd157",
  "#ed9153",
  "#71c9ce",
  "#e3fdfd",
  "#fc85ae",
  "#faf3df",
  "#2b3752",
  "#2e6e65",
  "#86ee60",
  "#f4f7ed",
  "#f0fbff",
  "#acdcee",
  "#95e1d3",
  "#d6f7ad",
  "#ff847b",
  "#fffcbf",
  "#1fdedb",
  "#c9f0d6",
  "#ffec85",
  "#ffca61",
  "#f8ecfd",
  "#7dace4",
  "#95e8d7",
  "#adf7d1",
  "#c4edde",
  "#7ac7c4",
  "#fa7f7f",
  "#f8fba2",
  "#a0e4b0",
  "#c2fcd9",
  "#f7fad1",
  "#5fe1d9",
  "#f5f9ee",
  "#eef2e2",
  "#f8da5b",
  "#247291",
  "#0de2ea",
  "#f6f1f8",
  "#c1ea9f",
  "#fff7ca",
  "#ffc468",
  "#afffff",
  "#e8e2e2",
  "#fdfcfc",
  "#2a3356",
  "#9adeb9",
  "#fdfe9a",
  "#c190f0",
  "#4d727e",
  "#79a8a9",
  "#fff8b5",
  "#b5ff7d",
  "#52d681",
  "#fbe8d3",
  "#f85f73",
  "#dff09d",
  "#d5d46f",
  "#f9fcc9",
  "#e889e5",
  "#d17ae5",
  "#baf5f0",
  "#630a10",
  "#f7d098",
  "#fcf0c8",
  "#395ea6",
  "#2ea1d9",
  "#95efce",
  "#fed8a7",
  "#07a4b5",
  "#c9eff9",
  "#f9fcfd",
  "#e6d3a7",
  "#59a985",
  "#3a7563",
  "#392f2f",
  "#f48db4",
  "#539ddb",
  "#c6e5f3",
  "#ffffe7",
  "#feffe4",
  "#51710a",
  "#c5d200",
  "#ebc6ff",
  "#fbeeff",
  "#c7ffff",
  "#f1f8fd",
  "#f6fe91",
  "#fda856",
  "#003744",
  "#a5dee5",
  "#e0f9b5",
  "#fefdca",
  "#ffcfdf",
  "#ffcee4",
  "#fb90b7",
  "#d01257",
  "#9d4545",
  "#77b5a6",
  "#ace6c0",
  "#d7ffdf",
  "#c7eeff",
  "#e5a5ff",
  "#241e92",
  "#fbb448",
  "#ffeee7",
  "#f57170",
  "#10ddc2",
  "#15b7b9",
  "#fcb040",
  "#506e86",
  "#ff99fe",
  "#a4f6f9",
  "#e4fffe",
  "#fbffa3",
  "#c6e872",
  "#66d37e",
  "#083836",
  "#d3e785",
  "#fcffcc",
  "#ffe1a1",
  "#d7f2f7",
  "#09c6ab",
  "#f7e74a",
  "#f0fc93",
  "#7ab7ff",
  "#828bff",
  "#6251da",
  "#25a55f",
  "#9bdf46",
  "#eaefc4",
  "#b292ea",
  "#8bdbf5",
  "#f1ffd9",
  "#f78536",
  "#dfebed",
  "#497285",
  "#4993fa",
  "#9dc6ff",
  "#a0e4f1",
  "#f1fafb",
  "#f7f36b",
  "#41c3be",
  "#2a769a",
  "#82a6ee",
  "#64fed6",
  "#ecffc9",
  "#884ea2",
  "#ea648d",
  "#fffc3a",
  "#72dfd0",
  "#a0f6d2",
  "#e6f8f6",
  "#f7e8c3",
  "#ef7079",
  "#bf382a",
  "#0098ef",
  "#00cf95",
  "#d1ffa2",
  "#ede68a",
  "#b0a565",
  "#2f3032",
  "#ac73ff",
  "#aca8ff",
  "#9de5ff",
  "#d5fdff",
  "#17b794",
  "#22267b",
  "#f6f39f",
  "#fed08f",
  "#f392f2",
  "#189bfa",
  "#5acfd6",
  "#d2fafb",
  "#acdb86",
  "#feffa0",
  "#44c662",
  "#e3f3ac",
  "#c9182b",
  "#99cda9",
  "#d1e9d2",
  "#e5f4e7",
  "#f1fdf3",
  "#f3f1f1",
  "#1ad7db",
  "#312f44",
  "#50cb86",
  "#f5ff8d",
  "#e0e0e0",
  "#a2c11c",
  "#d86eff",
  "#ff8ab4",
  "#ffd6a6",
  "#fbffe0",
  "#f4eeee",
  "#9ef5cf",
  "#51dacf",
  "#ff7c38",
  "#8c999a",
  "#ddf0c2",
  "#f5fdff",
  "#0eb29a",
  "#beb000",
  "#e4de66",
  "#78d8d0",
  "#a1f6b6",
  "#faf99f",
  "#9dda52",
  "#2eac6d",
  "#3c2f3d",
  "#84e9ff",
  "#ffa1d0",
  "#fff9c1",
  "#e8ffe8",
  "#a6fff2",
  "#74f9ff",
  "#00e0ff",
  "#31aa75",
  "#fcd47d",
  "#b23256",
  "#fffaa2",
  "#f3fbf1",
  "#d1e4d1",
  "#98b4a6",
  "#ca005e",
  "#ff8d52",
  "#f4f1ae",
  "#d8e6ec",
  "#42cfc4",
  "#cd0a0a",
  "#fffbaf",
  "#faf3fc",
  "#f7f3f3",
  "#c1eaf2",
  "#5cc2f2",
  "#191ba9",
  "#afc5ff",
  "#fcff82",
  "#ff9c6d",
  "#ffc12d",
  "#65589c",
  "#5ca4ca",
  "#74d2ff",
  "#e0fff9",
  "#fcf798",
  "#e2e0a5",
  "#fcfaef",
  "#a8d7f7",
  "#fe7187",
  "#fcedda",
  "#b6d7de",
  "#daebee",
  "#e1f6f4",
  "#bfe9db",
  "#6ac1b8",
  "#eebee3",
  "#f8ecd9",
  "#f36363",
  "#f8ffae",
  "#b5cfd8",
  "#e8ecf1",
  "#57acc5",
  "#6af79a",
  "#f2ff9b",
  "#fcffc1",
  "#ff917b",
  "#f469a9",
  "#65ead1",
  "#d72323",
  "#446491",
  "#ace6f6",
  "#e4fcf9",
  "#c3b9ea",
  "#b4e8c0",
  "#ebffaf",
  "#ee9494",
  "#b9eaf5",
  "#7dbcc8",
  "#17b3c1",
  "#47d6b6",
  "#bff8d4",
  "#57d131",
  "#b9e937",
  "#f0efe2",
  "#e3e2c3",
  "#5fbdb0",
  "#efe4e4",
  "#d0baa8",
  "#c4317b",
  "#6150c1",
  "#51c4e9",
  "#48f3db",
  "#769fcd",
  "#b9d7ea",
  "#f7fbfc",
  "#fde9c9",
  "#347a2a",
  "#b3c87a",
  "#ebe8be",
  "#ffd00c",
  "#d1e9ea",
  "#e77c7c",
  "#f7b679",
  "#03d6d2",
  "#d9e2a8",
  "#aa96b7",
  "#4b2b30",
  "#53aca8",
  "#a4eae8",
  "#f4fab3",
  "#516c8d",
  "#f0e48e",
  "#fd89dd",
  "#b8eef1",
  "#dfd8c8",
  "#cabfab",
  "#e6f99d",
  "#7fda89",
  "#89c4ff",
  "#fffa62",
  "#ffcf7f",
  "#c8f6ed",
  "#4be4c5",
  "#3ec8ac",
  "#2daf94",
  "#ffdbc5",
  "#e67a7a",
  "#fff4e1",
  "#9ddcdc",
  "#caedde",
  "#8bd7d1",
  "#85a6b1",
  "#fff3a7",
  "#ff858a",
  "#e7e3c5",
  "#eadb9d",
  "#94ed88",
  "#3bb873",
  "#fde994",
  "#f5dd7b",
  "#d9b650",
  "#83580b",
  "#4f1c4c",
  "#bfcfff",
  "#c8e7ed",
  "#ffffc2",
  "#ffa5a5",
  "#7e94bf",
  "#a7cbd9",
  "#f0f2ac",
  "#1f6f78",
  "#3baea0",
  "#93e4c1",
  "#edebca",
  "#fff024",
  "#00b906",
  "#e0e7b8",
  "#bcd3c2",
  "#a1f480",
  "#3dbdc2",
  "#0c9cee",
  "#f3f5d5",
  "#c6da20",
  "#f08c00",
  "#da1212",
  "#c2cfd8",
  "#e1eeff",
  "#7fa6ee",
  "#6fe7db",
  "#b8f7d4",
  "#a2e4a2",
  "#a980e4",
  "#f59af0",
  "#fdffa3",
  "#f1e8a7",
  "#e47676",
  "#a7cdcc",
  "#f87d09",
  "#94f3e4",
  "#37aa9c",
  "#fb9378",
  "#fcf8b3",
  "#e0c97e",
  "#f9c535",
  "#efecea",
  "#e7e5e5",
  "#f5b316",
  "#646363",
  "#e0d909",
  "#f6f1f1",
  "#17e7a4",
  "#fd7e89",
  "#fff798",
  "#f4e3b7",
  "#89aa97",
  "#4e1184",
  "#04f2d5",
  "#01a7a3",
  "#f6cac9",
  "#9f5069",
  "#c8b273",
  "#a73ccb",
  "#ff9071",
  "#fff5b5",
  "#fff3e1",
  "#29cdb5",
  "#9bf4d5",
  "#e4f4fd",
  "#fcc72c",
  "#4cb648",
  "#fdea2e",
  "#fff079",
  "#ffd48b",
  "#ff80f3",
  "#9a47cb",
  "#127780",
  "#15eda3",
  "#f0a28e",
  "#f5d7a1",
  "#9ba6a5",
  "#aeccc6",
  "#bbe9db",
  "#00eaff",
  "#4ae3b5",
  "#de8ae8",
  "#f2ef99",
  "#84d270",
  "#1fb57b",
  "#ece58a",
  "#f36b6b",
  "#f8d098",
  "#067242",
  "#003e21",
  "#d8d7d7",
  "#ffe700",
  "#393737",
  "#f1fcfd",
  "#f5eded",
  "#3e3636",
  "#2a6f7f",
  "#78dec9",
  "#feff9f",
  "#ff639f",
  "#ffb26b",
  "#fff29c",
  "#00fff5",
  "#7899dc",
  "#0fefbd",
  "#feff92",
  "#cff800",
  "#f6e4ad",
  "#f0ab8d",
  "#86f3b8",
  "#03c1eb",
  "#482d57",
  "#8ff5d2",
  "#fcffc9",
  "#faf885",
  "#f79486",
  "#f7ffa8",
  "#ccd51a",
  "#bb9518",
  "#c089f8",
  "#ccccea",
  "#e4f6f6",
  "#f25d9c",
  "#b61aae",
  "#67bac6",
  "#98e5ec",
  "#c5fcda",
  "#dbe2ef",
  "#fd7014",
  "#6e60a0",
  "#83e4b5",
  "#ff98da",
  "#d6ec78",
  "#efffb7",
  "#27e1ce",
  "#fa7e0a",
  "#f7f6de",
  "#7a8cf0",
  "#7be77e",
  "#f8ff95",
  "#fef8dd",
  "#f6dec4",
  "#aa3763",
  "#17ead9",
  "#faf8f8",
  "#b3a78c",
  "#f6e7c1",
  "#f4722b",
  "#8ded8e",
  "#f7fb76",
  "#f5f093",
  "#a1e3d8",
  "#fcda05",
  "#452b45",
  "#ffd717",
  "#0da574",
  "#ffe084",
  "#ffc057",
  "#f98b60",
  "#b64926",
  "#ffb03b",
  "#fff0a5",
  "#7bc74d",
  "#fae98f",
  "#faa9df",
  "#ffebaf",
  "#f6b61e",
  "#df760b",
  "#a7cf5d",
  "#f9ebc4",
  "#e6ee75",
  "#ffd23e",
  "#fcf769",
  "#6db7ca",
  "#521262",
  "#6fe7dd",
  "#1dad9b",
  "#bef992",
  "#5fb9b0",
  "#ffe35e",
  "#fbff7c",
  "#fbffb1",
  "#ffccfc",
  "#ffa8ec",
  "#eb76ff",
  "#f7eebb",
  "#29d2e4",
  "#efd5b7",
  "#f2a379",
  "#e9f679",
  "#fee785",
  "#ef9b59",
  "#c83b3b",
  "#08d9d6",
  "#fdac61",
  "#f5f1da",
  "#e3dfc8",
  "#ffd460",
  "#a7425c",
  "#432f44",
  "#ee7cff",
  "#fc92e3",
  "#fed96b",
  "#a3f7bf",
  "#29a19c",
  "#27323a",
  "#22313f",
  "#8dc6ff",
  "#e4f1fe",
  "#e9efba",
  "#cede48",
  "#d9af5d",
  "#686354",
  "#50c19a",
  "#e4f68f",
  "#efd510",
  "#f2910a",
  "#ffacac",
  "#3e1e68",
  "#f96b85",
  "#ffd478",
  "#fffd88",
  "#b2e672",
  "#466c95",
  "#5dae8b",
  "#f6f49d",
  "#ff7676",
  "#f6ffd2",
  "#3aa3c1",
  "#11d3bc",
  "#55e9bc",
  "#fffcca",
  "#faf494",
  "#ed9728",
  "#403121",
  "#f4fa9c",
  "#88bef5",
  "#e57b5c",
  "#fad662",
  "#522546",
  "#faebcd",
  "#7aa5d2",
  "#e4f9f5",
  "#febe7e",
  "#ec7263",
  "#a75265",
  "#44fadd",
  "#ffee7d",
  "#ffb383",
  "#ff9171",
  "#bb2253",
  "#f66095",
  "#2bcdc1",
  "#a4d792",
  "#f7fdb6",
  "#c79ecf",
  "#d6c8ff",
  "#fef0ff",
  "#ff9a00",
  "#f6f7d7",
  "#3ec1d3",
  "#fff199",
  "#ffb37b",
  "#d3d4d8",
  "#3fbac2",
  "#ff9757",
  "#ffef6f",
  "#45ada8",
  "#9de0ad",
  "#e5fcc2",
  "#aabbff",
  "#f9ffa5",
  "#ffb072",
  "#ff5a5a",
  "#f5827d",
  "#fcceaa",
  "#9bb899",
  "#ffab5e",
  "#cbffce",
  "#90e0ab",
  "#0fc1a1",
  "#eff2dd",
  "#e5f6c6",
  "#abd4c1",
  "#e7a117",
  "#2f3847",
  "#904ca7",
  "#f37ef9",
  "#b5ffc7",
  "#2be5a6",
  "#ff6898",
  "#c93737",
  "#f1ac59",
  "#fbef7c",
  "#00ffcc",
  "#0cca98",
  "#3b6ac0",
  "#60e550",
  "#fffd75",
  "#a6acec",
  "#ace7ef",
  "#cefff1",
  "#d77948",
  "#e4ce8e",
  "#f6ffe2",
  "#e3e7b3",
  "#d7c1e0",
  "#ebebcd",
  "#eacd65",
  "#63f5ef",
  "#41b3ff",
  "#fff395",
  "#ff9999",
  "#ffc8c8",
  "#ff715a",
  "#ffa974",
  "#ffde74",
  "#84c69b",
  "#faee5a",
  "#c98b70",
  "#f8e796",
  "#b485d8",
  "#78e4d4",
  "#d8fff1",
  "#ff41ed",
  "#4a4de7",
  "#7ea6f4",
  "#ca2c3f",
  "#fe7847",
  "#1f9ec7",
  "#00d8b1",
  "#d4ffa3",
  "#1bb5ec",
  "#4df4ff",
  "#f7fed4",
  "#ff5ab0",
  "#d1d4c9",
  "#556e53",
  "#ffe559",
  "#ffbe5b",
  "#ed6d54",
  "#4b6289",
  "#c6394d",
  "#ff6b83",
  "#ffb576",
  "#feffcb",
  "#c5f5c2",
  "#98e19a",
  "#66a96b",
  "#f8c957",
  "#cfe3ff",
  "#fcce9e",
  "#fd72ad",
  "#f6b132",
  "#c7f6f5",
  "#a0e4e0",
  "#37b7b5",
  "#363540",
  "#e4dcef",
  "#a2453d",
  "#f6bf4f",
  "#faf6ed",
  "#d8f8b7",
  "#45a298",
  "#f29f3d",
  "#eff669",
  "#9bcb3c",
  "#1972a4",
  "#2cc4cb",
  "#73f7dd",
  "#427a5b",
  "#b4cd93",
  "#fcf5b8",
  "#fcff89",
  "#d8e9f0",
  "#ffde7d",
  "#f8f3d4",
  "#00b8a9",
  "#f0e3e3",
  "#f7f7cf",
  "#c1d343",
  "#bcfff2",
  "#83d9ef",
  "#feff94",
  "#e8ffb1",
  "#c61951",
  "#ffaded",
  "#c768ff",
  "#7045ff",
  "#83ffe1",
  "#ffe165",
  "#64a97b",
  "#d4ed9d",
  "#ff89c0",
  "#e3ffc3",
  "#6df1cc",
  "#2fc5cc",
  "#3b2e40",
  "#fcefed",
  "#6dc995",
  "#bef2eb",
  "#a7da46",
  "#c2ff6b",
  "#e5ab39",
  "#f1f3b8",
  "#96eab7",
  "#53cdd8",
  "#7b99fa",
  "#e4e5db",
  "#d6cfb9",
  "#fcbad3",
  "#aa96da",
  "#a8d8ea",
  "#e9ec82",
  "#f3a871",
  "#eb786b",
  "#5fc9f3",
  "#f9c11c",
  "#352f44",
  "#dbd8e3",
  "#eaffd0",
  "#e9b5d2",
  "#561050",
  "#3a276a",
  "#86d8dc",
  "#c8f0f0",
  "#7a6552",
  "#283644",
  "#fbe0d8",
  "#492540",
  "#c03546",
  "#f26d5b",
  "#f6ea8c",
  "#f5ffae",
  "#79f8bb",
  "#60beb3",
  "#ff9966",
  "#ef765f",
  "#ffe894",
  "#b9bc6d",
  "#74deed",
  "#4f1567",
  "#eeccb4",
  "#f0d394",
  "#f1c40f",
  "#fffeb8",
  "#e6c073",
  "#2f64a3",
  "#65d269",
  "#f7f373",
  "#fcff88",
  "#f9cc6a",
  "#645fce",
  "#69e9f5",
  "#43bfc7",
  "#e18237",
  "#f1d665",
  "#f3ffa1",
  "#83f084",
  "#59b791",
  "#ffefa1",
  "#e67fa2",
  "#6b55ae",
  "#6ea7c1",
  "#88a6e5",
  "#a6dfde",
  "#e4f5e5",
  "#88d8ec",
  "#91ca62",
  "#f0f08e",
  "#dfeb95",
  "#a6dc8c",
  "#f6a2d4",
  "#6990e4",
  "#fcc0c0",
  "#cd9d77",
  "#62013c",
  "#fbe087",
  "#f2676a",
  "#1bf5af",
  "#93a7d1",
  "#4f7097",
  "#bef2ff",
  "#ffbf00",
  "#fced25",
  "#b0d553",
  "#63b75d",
  "#217756",
  "#f3f74d",
  "#f6e97f",
  "#e09ee8",
  "#7db9b3",
  "#2e3837",
  "#efac2a",
  "#ef832a",
  "#cc0500",
  "#c4f080",
  "#3cb29a",
  "#266d98",
  "#cbe0e0",
  "#61b136",
  "#bbdc2f",
  "#f07b3f",
  "#582233",
  "#bbe4e9",
  "#79c2d0",
  "#53a8b6",
  "#ececda",
  "#192294",
  "#5254d8",
  "#b7b9f4",
  "#ecffa3",
  "#f6e198",
  "#cf7979",
  "#f7f79b",
  "#ead27a",
  "#b9dbe6",
  "#00c3ff",
  "#302579",
  "#5968b1",
  "#52d6d3",
  "#4cb3cd",
  "#e4e1b0",
  "#c2be53",
  "#4e7376",
  "#80d6ff",
  "#edf798",
  "#fab57a",
  "#f06868",
  "#c1867b",
  "#74698c",
  "#9ab5c1",
  "#ebedc8",
  "#e2c85b",
  "#dbee7b",
  "#b84040",
  "#00796f",
  "#66e1b4",
  "#fbb040",
  "#506f86",
  "#fcf8a6",
  "#f2c280",
  "#ffcf5e",
  "#f2ff97",
  "#9ed79a",
  "#f8d99b",
  "#f8a79b",
  "#002c6a",
  "#e9bbe5",
  "#e5a0dc",
  "#be2490",
  "#975a5e",
  "#f3cba5",
  "#e1bf7f",
  "#8ac4ff",
  "#397298",
  "#ffd944",
  "#94dd4d",
  "#49b47e",
  "#56cfd2",
  "#f6ce59",
  "#f3ff92",
  "#ede7cf",
  "#d4ceb0",
  "#a79e8b",
  "#ffbd59",
  "#fffd8c",
  "#d869c0",
  "#dcdada",
  "#955a47",
  "#b1bd5d",
  "#edd690",
  "#f0f0ef",
  "#84efe2",
  "#0d63a5",
  "#f2f089",
  "#ff9d7b",
  "#9dfdc7",
  "#61d2b4",
  "#367591",
  "#a1dfff",
  "#61bbb6",
  "#9de6e8",
  "#73b9d7",
  "#ffd79a",
  "#fffac0",
  "#fff279",
  "#a7cd78",
  "#c13131",
  "#d6c5f0",
  "#32c38c",
  "#85eb4e",
  "#f4f787",
  "#306d75",
  "#4aa3ba",
  "#a8e4b1",
  "#ddddc7",
  "#daf4f5",
  "#c4dce0",
  "#abcecf",
  "#80a3a2",
  "#d69830",
  "#dece9c",
  "#5f64c0",
  "#91e4a6",
  "#36a3eb",
  "#f1ea65",
  "#dafa8b",
  "#f85aca",
  "#ffcb3c",
  "#feed30",
  "#b3e55e",
  "#51af5b",
  "#ff8a98",
  "#ae427b",
  "#7696db",
  "#c2f69b",
  "#9adea2",
  "#467292",
  "#80c0ce",
  "#d3a284",
  "#e5e5e5",
  "#58727f",
  "#83afa6",
  "#93af56",
  "#f0d587",
  "#f3f2c9",
  "#c4bbf0",
  "#ff92e8",
  "#afffea",
  "#73cff0",
  "#3bbbb3",
  "#79dc96",
  "#eaf887",
  "#bb4272",
  "#ff8a69",
  "#fa5862",
  "#d9d46f",
  "#f6f982",
  "#f67ff5",
  "#47e4e0",
  "#f6f6d9",
  "#dddb6a",
  "#f7ffa3",
  "#fff8b6",
  "#fac55b",
  "#f8aa27",
  "#aa512f",
  "#ddbc89",
  "#f9f3cf",
  "#6796e5",
  "#4ec9e1",
  "#89fad0",
  "#efddb2",
  "#5be7a9",
  "#f8fe85",
  "#ffbd67",
  "#d9dad7",
  "#43a367",
  "#a8d966",
  "#c6f1a2",
  "#352771",
  "#bad4f9",
  "#f7f5b2",
  "#eff6a5",
  "#ffcf68",
  "#491d7f",
  "#f46188",
  "#43a680",
  "#74f6a7",
  "#489cc1",
  "#b8e1dd",
  "#d68d08",
  "#fcb241",
  "#5a67a6",
  "#a099ff",
  "#ff5b44",
  "#ffba47",
  "#f5ff65",
  "#96cd39",
  "#24b273",
  "#2dea8f",
  "#48c3be",
  "#96ebf0",
  "#ac92fa",
  "#f3825f",
  "#a2bf39",
  "#f2eb80",
  "#9affdc",
  "#61bdf6",
  "#ffc045",
  "#72b896",
  "#f7dead",
  "#9ce3cf",
  "#f7f4ea",
  "#f9cd76",
  "#e4f091",
  "#b0a48a",
  "#beceb0",
  "#f1efe9",
  "#f39c9c",
  "#e0fffb",
  "#551863",
  "#f66060",
  "#ffb19b",
  "#ffe9c1",
  "#f4ce74",
  "#a53f3f",
  "#f0c15a",
  "#f3ef82",
  "#4ba54d",
  "#80ef91",
  "#cea9ff",
  "#f0e9ff",
  "#f1e6d1",
  "#eebb55",
  "#302a77",
  "#c9fbff",
  "#91f3fc",
  "#e471a7",
  "#80e5e9",
  "#41245c",
  "#eba059",
  "#ffe180",
  "#6eaff7",
  "#29668b",
  "#4bc87f",
  "#f0f87f",
  "#fff98c",
  "#e0c45c",
  "#dfe0d4",
  "#faf35e",
  "#0099ff",
  "#0066cc",
  "#ffa9a9",
  "#fffbe3",
  "#abcd9e",
  "#88b990",
  "#d6f7f8",
  "#f0e449",
  "#ec952e",
  "#ffc55c",
  "#ffffc3",
  "#272e6e",
  "#88a9f7",
  "#b43144",
  "#f2f1a7",
  "#d1f6a4",
  "#f99a9a",
  "#fecb92",
  "#f1f5bc",
  "#e5dd90",
  "#bdbe36",
  "#67ba6d",
  "#d7f096",
  "#6151bb",
  "#f2d639",
  "#f66b34",
  "#383838",
  "#5d697a",
  "#470c85",
  "#8200ff",
  "#06cdff",
  "#ed733f",
  "#ffaf4f",
  "#824c96",
  "#f9cc7b",
  "#6db3b5",
  "#f4e022",
  "#fffdd6",
  "#daec8b",
  "#47d0bd",
  "#357a5b",
  "#60a261",
  "#98c74e",
  "#ccf62c",
  "#b5421e",
  "#e0b58c",
  "#f0dca2",
  "#28c7fa",
  "#b14b4b",
  "#ff6d3f",
  "#faac64",
  "#e6efbf",
  "#4ac3be",
  "#4aa0d5",
  "#f59159",
  "#ffea66",
  "#ffb44a",
  "#fbff67",
  "#88e570",
  "#193441",
  "#91aa9d",
  "#d1dbbd",
  "#9aebdd",
  "#a83c54",
  "#ff926b",
  "#ffe390",
  "#f3e5b1",
  "#9dd5cb",
  "#013c4d",
  "#9c4b9e",
  "#9e7eff",
  "#76e7c7",
  "#f7fa86",
  "#ccf186",
  "#69c181",
  "#0d7685",
  "#f8e7e7",
  "#fdf3f3",
  "#dde9eb",
  "#fccf5b",
  "#be9639",
  "#ffde68",
  "#fcff90",
  "#5ca9ff",
  "#2cb978",
  "#83e85a",
  "#a888ff",
  "#8bdeff",
  "#c2ffff",
  "#27332d",
  "#ecf7c5",
  "#fadb3f",
  "#3667a6",
  "#82a6cb",
  "#bdd8f1",
  "#cc7f2a",
  "#f3b75b",
  "#f9f1bf",
  "#d8b5de",
  "#dc7646",
  "#d6ec8c",
  "#68c170",
  "#819f7f",
  "#d3d0a8",
  "#fdfbda",
  "#566683",
  "#e9e6c9",
  "#f2f5b1",
  "#e5c955",
  "#e08932",
  "#c24242",
  "#55e0a3",
  "#80ffdb",
  "#fedf96",
  "#993d9a",
  "#36c186",
  "#d0f66a",
  "#f2cc96",
  "#f7ebc9",
  "#50c4ed",
  "#fce850",
  "#fba834",
  "#a8e0e1",
  "#e0ebeb",
  "#a7bcb9",
  "#5dacbd",
  "#924992",
  "#ff6868",
  "#a75377",
  "#dfb361",
  "#f5eb82",
  "#61d2dc",
  "#41b3d3",
  "#f5d773",
  "#f96c48",
  "#d3f689",
  "#8cca6e",
  "#41a186",
  "#1f3a52",
  "#b9d2d2",
  "#62a388",
  "#f6f5da",
  "#4fb9fc",
  "#0e6ac7",
  "#062c80",
  "#b0db72",
  "#fafcb4",
  "#ffeb7d",
  "#ffb44b",
  "#ff6f41",
  "#4a2b13",
  "#ffa849",
  "#fffbb7",
  "#ffe087",
  "#fee5b1",
  "#ffcc00",
  "#fdc8aa",
  "#bd3246",
  "#740021",
  "#d2eba7",
  "#74cc7e",
  "#7ca0e5",
  "#b42b3f",
  "#f3e96d",
  "#ff7070",
  "#4ac6b7",
  "#fff87d",
  "#ffc478",
  "#f7d914",
  "#ed8a0a",
  "#d59dc5",
  "#eadada",
  "#f3e9d2",
  "#88d498",
  "#f2be8d",
  "#303242",
  "#f3c2cb",
  "#cb73bb",
  "#ac9742",
  "#d2d868",
  "#f6fa7b",
  "#ffd82c",
  "#ff9d00",
  "#69aeff",
  "#e0f6aa",
  "#d8d7c3",
  "#a65238",
  "#e8e3c7",
  "#8facc0",
  "#d2e4f1",
  "#fbff5f",
  "#c89034",
  "#cb9bba",
  "#f7e185",
  "#c8d35b",
  "#d2f079",
  "#cdd582",
  "#f9f194",
  "#4c5fb1",
  "#8ab2ff",
  "#b84a39",
  "#d6ecfa",
  "#e2f3f5",
  "#22d1ee",
  "#3d5af1",
  "#fae88e",
  "#e4ba6f",
  "#f1d851",
  "#edf68d",
  "#83cbfb",
  "#d7df71",
  "#eb92fb",
  "#93efed",
  "#44aec2",
  "#4262c5",
  "#c22828",
  "#efbfc6",
  "#8293e3",
  "#dde9f8",
  "#f7b449",
  "#a28f70",
  "#d3bd9a",
  "#f5f0e8",
  "#679ceb",
  "#4366a9",
  "#f1b149",
  "#fff56c",
  "#60abfb",
  "#aee1fc",
  "#eaff81",
  "#8affb4",
  "#52ceba",
  "#e1a6e1",
  "#e5edc4",
  "#c9d6df",
  "#f0f5f9",
  "#e8d124",
  "#f3e94c",
  "#b83f87",
  "#f9e3a3",
  "#eec550",
  "#5f1b00",
  "#eca106",
  "#d2d86e",
  "#95956e",
  "#f8edcd",
  "#efd99b",
  "#c3a655",
  "#f6e5e4",
  "#fec24a",
  "#feaa2b",
  "#ffea54",
  "#63a1d0",
  "#4ec9df",
  "#90b8f8",
  "#f6eddd",
  "#caad8c",
  "#49260a",
  "#5e1043",
  "#a13f80",
  "#fbf8ca",
  "#b5f7e6",
  "#53c0a2",
  "#faf189",
  "#deae4f",
  "#611919",
  "#b83b5e",
  "#f08a5d",
  "#f9ed69",
  "#41d8bf",
  "#4f5aa8",
  "#55c59d",
  "#c1f880",
  "#794d9a",
  "#46265c",
  "#e8984a",
  "#f1d15f",
  "#f3f66f",
  "#541f1f",
  "#561f55",
  "#65e892",
  "#a8b94e",
  "#e2dd66",
  "#ef8f6b",
  "#5b252d",
  "#e6a157",
  "#5baaec",
  "#f0d4a2",
  "#f46d6d",
  "#fda4cf",
  "#fbd66f",
  "#56bfb5",
  "#e9e995",
  "#caa653",
  "#7e49ac",
  "#e760bf",
  "#ff94c7",
  "#253361",
  "#96c99c",
  "#83cc61",
  "#b7e576",
  "#eefca9",
  "#df7943",
  "#e4c144",
  "#8f45a9",
  "#b0e6ff",
  "#f0d699",
  "#8a9e52",
  "#4b7551",
  "#595cae",
  "#6ec189",
  "#dffcad",
  "#95977a",
  "#ffd7be",
  "#f4cb81",
  "#f1f592",
  "#7dd076",
  "#b3f7f6",
  "#92e0a9",
  "#69b0c1",
  "#6d6192",
  "#352d4d",
  "#ffcebb",
  "#de88a5",
  "#655989",
  "#7a9eaf",
  "#c98c70",
  "#e3b587",
  "#456672",
  "#cfffff",
  "#9fe6dc",
  "#7fc5ca",
  "#c2ffbb",
  "#64bd97",
  "#ed8282",
  "#f7d08c",
  "#fffd9d",
  "#d19feb",
  "#ddd49f",
  "#8f5b4a",
  "#e9767c",
  "#f6aad0",
  "#7bcace",
  "#a6f2db",
  "#f1d089",
  "#f4f49e",
  "#815e94",
  "#8cdadb",
  "#c8cf94",
  "#f1edb3",
  "#4a746e",
  "#f8f3b6",
  "#dab784",
  "#ee8374",
  "#2b2e4a",
  "#6ebaa7",
  "#f2f77f",
  "#9fa180",
  "#f1e38a",
  "#d4abdc",
  "#efd8f4",
  "#f5f0c4",
  "#c6c5b3",
  "#ee7c4b",
  "#d86f9b",
  "#d9a2f1",
  "#d5e8ff",
  "#b2b7ff",
  "#e5c890",
  "#edf3b7",
  "#d9b26e",
  "#9c563d",
  "#3d322c",
  "#a4fbe3",
  "#83cee0",
  "#5f5dbd",
  "#9aedf4",
  "#75beda",
  "#522e24",
  "#9df0ac",
  "#60c2a4",
  "#605cb8",
  "#dbef98",
  "#e27393",
  "#f7b7f3",
  "#81e1af",
  "#3d61ad",
  "#6c95ec",
  "#f8f7a5",
  "#d4c07a",
  "#a1583e",
  "#d19178",
  "#765a60",
  "#b67ccf",
  "#93c4ff",
  "#bdf9f7",
  "#f3bc77",
  "#a55233",
  "#402a23",
  "#6c5fa7",
  "#b24968",
  "#fa8572",
  "#876464",
  "#ed9f66",
  "#f7ec77",
  "#7bc0a3",
  "#e6e696",
  "#d5ab9c",
  "#b6d5e1",
  "#e0ab5b",
  "#ffe76a",
  "#b4ffd8",
  "#70c6c7",
  "#4b6982",
  "#a3cd9e",
  "#e5f1e3",
  "#74bbca",
  "#97d8ec",
  "#3e3245",
  "#bddaa5",
  "#8fc9ae",
  "#402a30",
  "#98d8ff",
  "#333146",
  "#9effa9",
  "#da8067",
  "#ebaf81",
  "#f7e39c",
  "#f7ffba",
  "#ffe2ad",
  "#f29696",
  "#4c657e",
  "#c1e8da",
  "#f8e4dd",
  "#b0b8b4",
  "#75597d",
  "#d4a2be",
  "#e09664",
  "#fddf97",
  "#5da7ae",
  "#ffebbc",
  "#ebbf58",
  "#fff0a4",
  "#f16896",
  "#a836ad",
  "#a1d76f",
  "#e8fd96",
  "#eda489",
  "#382f60",
  "#b89068",
  "#f7dda4",
  "#ecffb1",
  "#82ceda",
  "#3c6e57",
  "#7cb855",
  "#bbe06c",
  "#d580bc",
  "#46322b",
  "#ffa87b",
  "#f1a3c5",
  "#b589ef",
  "#abf2fb",
  "#6fa5b1",
  "#4e6b9f",
  "#f39de5",
  "#eef3ad",
  "#adebbe",
  "#74bec1",
  "#516091",
  "#486989",
  "#d8aed3",
  "#ebd9dd",
  "#97935c",
  "#95bb76",
  "#d3f7ad",
  "#8be3e1",
  "#99b27f",
  "#eeedbe",
  "#3d2e4f",
  "#e1dfba",
  "#88e0d0",
  "#7ac38f",
  "#b1e9a3",
  "#b9c0d5",
  "#8b4f80",
  "#e97a7a",
  "#9a4c68",
  "#e49756",
  "#edbb91",
  "#f2fc9f",
  "#50717b",
  "#8ecccc",
  "#72b37e",
  "#e6f18c",
  "#facbd3",
  "#ca9dd7",
  "#7fcbd7",
  "#d789d7",
  "#f7c469",
  "#307470",
  "#6bba62",
  "#9ae17b",
  "#9ad1aa",
  "#60a0b0",
  "#6d6087",
  "#aaa6a4",
  "#d6d0b8",
  "#f1f4c6",
  "#8fb1e9",
  "#a9d7f6",
  "#f96d6d",
  "#4bb39a",
  "#f1b24b",
  "#d68438",
  "#5454c5",
  "#639cd9",
  "#7dd87d",
]
`;
