// Jest Snapshot v1, https://goo.gl/fbAQLP

exports[`happy 1`] = `
Array [
  "meta.definition.property.js",
  "variable.object.property.js",
  "storage.type.function.js",
  "support.class.console.js",
  "string.unquoted.js",
  "support.function.mutator.js",
  "entity.name.class.js",
  "variable.other.readwrite.decorator.js",
  "meta.function.js",
  "meta.method-call.with-arguments.js",
  "variable.language.prototype.js",
  "variable.other.readwrite.alias.js",
  "keyword.operator.decorator.js",
  "keyword.operator.module.all.js",
  "punctuation.quasi.element.begin.js",
  "punctuation.quasi.element.end.js",
  "meta.function.parameters.js",
]
`;
